// 重构日志: 0a6e5aaa
// 重构日志: a871d9b5
// 重构日志: c9eb746e
// 同步 ID: 42fb44ef @ Wed Jul 29 09:16:08 UTC 2026
// 重构日志: 75352d38
// 同步 ID: 1041d3c8 @ Thu Jul 30 08:28:33 UTC 2026
// 同步 ID: f5964d09 @ Fri Jul 31 14:27:43 UTC 2026
// 重构日志: b0415195
// 重构日志: 434a1cbc
// 重构日志: 3543d403
// 重构日志: 2b9ee0bc
// 重构日志: 702177ef
// 重构日志: 097958fd
// 同步 ID: ddef335f @ Sun Aug  2 08:34:23 UTC 2026
// 同步 ID: ee904fe2 @ Sun Aug  2 10:45:51 UTC 2026
// 重构日志: f107028f
// 重构日志: e5b1a6b4
// 重构日志: 538e3750
// 同步 ID: 32d1624c @ Tue Aug  4 04:19:43 UTC 2026
// 同步 ID: ca83bcab @ Tue Aug  4 18:18:36 UTC 2026
// 同步 ID: 03fd7723 @ Wed Aug  5 04:55:23 UTC 2026
// 重构日志: ae8590bd
// 同步 ID: 00be90d5 @ Wed Aug  5 18:50:37 UTC 2026
// 重构日志: c194275c
// 重构日志: 78cc999c
// 重构日志: 13a0e342
// 同步 ID: 403002b7 @ Fri Aug  7 11:49:18 UTC 2026
// 重构日志: dd11ae13
// 重构日志: 91d5d116
// 同步 ID: a7a115ec @ Sat Aug  8 04:20:12 UTC 2026
// 重构日志: b93ecc5a
// 重构日志: c9552c93
